[2026-03-26T14:58:10] [INFO] === zenn-engine.sh 起動 (dry_run=false) ===
[2026-03-26T14:58:10] [INFO] 作業ディレクトリ: /Users/okamotoryuya/repository/zenn-engine
[2026-03-26T14:58:10] [INFO] タイムアウトコマンド: timeout (3600秒)
[2026-03-26T14:58:10] [INFO] ━━━ Iter 0 / Mode: create 開始 ━━━
[2026-03-26T14:58:10] [INFO] Patrol: HEARTBEAT.md チェック開始
[2026-03-26T14:58:10] [INFO] Patrol: HEARTBEAT.md 読み込み完了
[2026-03-26T14:58:10] [INFO] Patrol: チェック完了 (uncommitted=13, log=1MB)
[2026-03-26T14:58:10] [INFO] Housekeeping: 定期メンテナンス開始
[2026-03-26T14:58:10] [INFO] Housekeeping: 完了
[2026-03-26T14:58:10] [INFO] Steering初期化完了 (timestamp=2026-03-26_1458)
[2026-03-26T14:58:10] [INFO] Check開始: 現状分析...
[2026-03-26T14:58:28] [INFO] Check完了
[2026-03-26T14:58:28] [INFO] Plan策定開始...
[2026-03-26T14:58:53] [INFO] Plan策定完了
[2026-03-26T14:58:53] [INFO] Executor: Mode create 開始 (iter=0)
[2026-03-26T15:01:26] [INFO] Executor: Mode create 完了
[2026-03-26T15:01:26] [INFO] Reviewer: Mode create 成果確認
[main 641f5bc] zenn: iter00_create
 3 files changed, 28 insertions(+), 1 deletion(-)
[2026-03-26T15:01:27] [INFO] 自動コミット+プッシュ完了: zenn: iter00_create
[2026-03-26T15:01:27] [INFO] Reviewer: 完了
[2026-03-26T15:01:27] [INFO] Transition: create → analyze
[2026-03-26T15:01:27] [INFO] クールダウン 86400秒（24時間）...
[2026-03-27T17:00:02] [INFO] === zenn-engine.sh 起動 (dry_run=false) ===
[2026-03-27T17:00:02] [INFO] 作業ディレクトリ: /Users/okamotoryuya/repository/zenn-engine
[2026-03-27T17:00:02] [INFO] タイムアウトコマンド: timeout (3600秒)
[2026-03-27T17:00:02] [INFO] 本日の曜日: 5 (5=金, 6=土)
[2026-03-27T17:00:02] [INFO] === 金曜モード: create ===
[2026-03-27T17:00:02] [INFO] ━━━ Mode: create (iter=0) 開始 ━━━
[2026-03-27T17:00:02] [INFO] Patrol: HEARTBEAT.md チェック開始
[2026-03-27T17:00:02] [INFO] Patrol: HEARTBEAT.md 読み込み完了
[2026-03-27T17:00:02] [WARN] Patrol: 前回の実行が status=reviewing で停止。リセットします
[2026-03-27T17:00:02] [INFO] Patrol: チェック完了 (uncommitted=3, log=1MB)
[2026-03-27T17:00:02] [INFO] Housekeeping: 定期メンテナンス開始
[2026-03-27T17:00:03] [INFO] Housekeeping: 完了
[2026-03-27T17:00:03] [INFO] Steering初期化完了 (timestamp=2026-03-27_1700)
[2026-03-27T17:00:03] [INFO] Check開始: 現状分析...
[2026-03-27T17:00:21] [INFO] Check完了
[2026-03-27T17:00:21] [INFO] Plan策定開始...
[2026-03-27T17:00:43] [INFO] Plan策定完了
[2026-03-27T17:00:43] [INFO] Executor: Mode create 開始 (iter=0)
[2026-03-27T17:03:03] [INFO] Executor: Mode create 完了
[2026-03-27T17:03:03] [INFO] Reviewer: Mode create 成果確認
[main 7604920] zenn: iter00_create
 3 files changed, 32 insertions(+), 1 deletion(-)
[2026-03-27T17:03:04] [INFO] 自動コミット+プッシュ完了: zenn: iter00_create
[2026-03-27T17:03:04] [INFO] Reviewer: 完了
[2026-03-27T17:03:04] [INFO] Mode create 完了
[2026-03-27T17:03:04] [INFO] === zenn-engine.sh 完了 ===
[2026-03-28T17:00:05] [INFO] === zenn-engine.sh 起動 (dry_run=false) ===
[2026-03-28T17:00:05] [INFO] 作業ディレクトリ: /Users/okamotoryuya/repository/zenn-engine
[2026-03-28T17:00:05] [INFO] タイムアウトコマンド: timeout (3600秒)
[2026-03-28T17:00:05] [INFO] 本日の曜日: 6 (5=金, 6=土)
[2026-03-28T17:00:05] [INFO] === 土曜モード: analyze -> improve -> rewrite ===
[2026-03-28T17:00:05] [INFO] ━━━ Mode: analyze (iter=0) 開始 ━━━
[2026-03-28T17:00:05] [INFO] Patrol: HEARTBEAT.md チェック開始
[2026-03-28T17:00:05] [INFO] Patrol: HEARTBEAT.md 読み込み完了
[2026-03-28T17:00:05] [WARN] Patrol: 前回の実行が status=reviewing で停止。リセットします
[2026-03-28T17:00:05] [INFO] Patrol: チェック完了 (uncommitted=3, log=1MB)
[2026-03-28T17:00:05] [INFO] Steering初期化完了 (timestamp=2026-03-28_1700)
[2026-03-28T17:00:05] [INFO] Check開始: 現状分析...
[2026-03-28T17:00:26] [INFO] Check完了
[2026-03-28T17:00:26] [INFO] Plan策定開始...
[2026-03-28T17:00:44] [INFO] Plan策定完了
[2026-03-28T17:00:44] [INFO] Executor: Mode analyze 開始 (iter=0)
[2026-03-28T17:06:10] [INFO] Executor: Mode analyze 完了
[2026-03-28T17:06:10] [INFO] Reviewer: Mode analyze 成果確認
[main af8ebe1] zenn: iter00_analyze
 3 files changed, 31 insertions(+), 1 deletion(-)
[2026-03-28T17:06:11] [INFO] 自動コミット+プッシュ完了: zenn: iter00_analyze
[2026-03-28T17:06:11] [INFO] Reviewer: 完了
[2026-03-28T17:06:11] [INFO] Mode analyze 完了
[2026-03-28T17:11:11] [INFO] ━━━ Mode: improve (iter=0) 開始 ━━━
[2026-03-28T17:11:12] [INFO] Patrol: HEARTBEAT.md チェック開始
[2026-03-28T17:11:12] [INFO] Patrol: HEARTBEAT.md 読み込み完了
[2026-03-28T17:11:12] [WARN] Patrol: 前回の実行が status=reviewing で停止。リセットします
[2026-03-28T17:11:12] [INFO] Patrol: チェック完了 (uncommitted=3, log=1MB)
[2026-03-28T17:11:12] [INFO] Steering初期化完了 (timestamp=2026-03-28_1711)
[2026-03-28T17:11:12] [INFO] Check開始: 現状分析...
[2026-03-28T17:11:34] [INFO] Check完了
[2026-03-28T17:11:34] [INFO] Plan策定開始...
[2026-03-28T17:12:00] [INFO] Plan策定完了
[2026-03-28T17:12:00] [INFO] Executor: Mode improve 開始 (iter=0)
