[2026-03-31T22:42:26] Voice message: file_id=AwACAgUAAxkBAAOSacvPQM-Mut3Bsn...
[2026-03-31T22:43:22] Voice message: file_id=AwACAgUAAxkBAAOVacvPeRNLxXfVx0...
[2026-03-31T23:11:01] Daemon started. PID=16351, NEXT_OFFSET=104714374
[2026-03-31T23:32:01] Daemon started. PID=45115, NEXT_OFFSET=104714374
[2026-03-31T23:43:28] Daemon started. PID=63123, NEXT_OFFSET=104714374
[2026-03-31T23:43:59] Voice message: file_id=AwACAgUAAxkBAAOZacvdromRnkTsTf...
[2026-03-31T23:48:27] Daemon started. PID=72116, NEXT_OFFSET=104714375
[2026-04-01T00:11:03] Voice message: file_id=AwACAgUAAxkBAAOcacvkB8Zz11-QV9...
[2026-04-01T00:13:03] Voice message: file_id=AwACAgUAAxkBAAOfacvkf8Uhn5SNkk...
[2026-04-01T00:16:05] Voice message: file_id=AwACAgUAAxkBAAOjacvlNaqG2ad4-f...
[2026-04-01T00:20:57] Voice message: file_id=AwACAgUAAxkBAAOnacvmWaIFYDffNk...
[2026-04-01T00:41:25] WARN: Empty response from Telegram API. Retrying in 5s.
[2026-04-01T02:44:57] WARN: Empty response from Telegram API. Retrying in 5s.
[2026-04-01T02:45:32] WARN: Empty response from Telegram API. Retrying in 5s.
[2026-04-01T02:56:30] Voice message: file_id=AwACAgUAAxkBAAOracwKzofcbr19HR...
[2026-04-01T03:03:38] Voice message: file_id=AwACAgUAAxkBAAOvacwMehgg7fKE9m...
[2026-04-01T03:05:59] Voice message: file_id=AwACAgUAAxkBAAOyacwNBzVtVhLulm...
[2026-04-01T03:09:05] Voice message: file_id=AwACAgUAAxkBAAO2acwNwY4xrDwGEE...
[2026-04-01T03:24:33] Voice message: file_id=AwACAgUAAxkBAAO8acwRYOi-oDZkB9...
[2026-04-01T03:29:05] Voice message: file_id=AwACAgUAAxkBAAPAacwScAAB7YkkLQ...
[2026-04-01T05:20:38] WARN: Empty response from Telegram API. Retrying in 5s.
[2026-04-01T05:22:33] WARN: Empty response from Telegram API. Retrying in 5s.
[2026-04-01T09:33:14] WARN: Empty response from Telegram API. Retrying in 5s.
[2026-04-01T09:33:50] WARN: Empty response from Telegram API. Retrying in 5s.
[2026-04-01T09:34:25] WARN: Empty response from Telegram API. Retrying in 5s.
[2026-04-01T19:28:13] SIGTERM/SIGINT received. Shutting down.
[2026-04-01T19:28:13] Daemon started. PID=19812, NEXT_OFFSET=104714385
[2026-04-01T19:28:23] Daemon started. PID=19979, NEXT_OFFSET=104714385
[2026-04-01T19:28:31] Daemon started. PID=20045, NEXT_OFFSET=104714385
[2026-04-01T19:28:31] WARN: Telegram API returned ok=false. Retrying in 5s. Response prefix: {"ok":false,"error_code":409,"description":"Conflict: terminated by other getUpdates request; make s
[2026-04-01T19:28:38] WARN: Telegram API returned ok=false. Retrying in 5s. Response prefix: {"ok":false,"error_code":409,"description":"Conflict: terminated by other getUpdates request; make s
[2026-04-01T19:28:43] WARN: Telegram API returned ok=false. Retrying in 5s. Response prefix: {"ok":false,"error_code":409,"description":"Conflict: terminated by other getUpdates request; make s
[2026-04-01T19:28:49] WARN: Telegram API returned ok=false. Retrying in 5s. Response prefix: {"ok":false,"error_code":409,"description":"Conflict: terminated by other getUpdates request; make s
[2026-04-01T19:28:55] WARN: Telegram API returned ok=false. Retrying in 5s. Response prefix: {"ok":false,"error_code":409,"description":"Conflict: terminated by other getUpdates request; make s
[2026-04-01T19:29:01] WARN: Telegram API returned ok=false. Retrying in 5s. Response prefix: {"ok":false,"error_code":409,"description":"Conflict: terminated by other getUpdates request; make s
[2026-04-01T19:29:07] WARN: Telegram API returned ok=false. Retrying in 5s. Response prefix: {"ok":false,"error_code":409,"description":"Conflict: terminated by other getUpdates request; make s
[2026-04-01T19:29:13] WARN: Telegram API returned ok=false. Retrying in 5s. Response prefix: {"ok":false,"error_code":409,"description":"Conflict: terminated by other getUpdates request; make s
[2026-04-01T19:29:19] WARN: Telegram API returned ok=false. Retrying in 5s. Response prefix: {"ok":false,"error_code":409,"description":"Conflict: terminated by other getUpdates request; make s
[2026-04-01T19:29:25] WARN: Telegram API returned ok=false. Retrying in 5s. Response prefix: {"ok":false,"error_code":409,"description":"Conflict: terminated by other getUpdates request; make s
[2026-04-01T19:29:31] WARN: Telegram API returned ok=false. Retrying in 5s. Response prefix: {"ok":false,"error_code":409,"description":"Conflict: terminated by other getUpdates request; make s
[2026-04-01T19:29:37] WARN: Telegram API returned ok=false. Retrying in 5s. Response prefix: {"ok":false,"error_code":409,"description":"Conflict: terminated by other getUpdates request; make s
[2026-04-01T19:29:43] WARN: Telegram API returned ok=false. Retrying in 5s. Response prefix: {"ok":false,"error_code":409,"description":"Conflict: terminated by other getUpdates request; make s
[2026-04-01T19:29:49] WARN: Telegram API returned ok=false. Retrying in 5s. Response prefix: {"ok":false,"error_code":409,"description":"Conflict: terminated by other getUpdates request; make s
[2026-04-01T19:29:55] WARN: Telegram API returned ok=false. Retrying in 5s. Response prefix: {"ok":false,"error_code":409,"description":"Conflict: terminated by other getUpdates request; make s
[2026-04-01T19:30:01] WARN: Telegram API returned ok=false. Retrying in 5s. Response prefix: {"ok":false,"error_code":409,"description":"Conflict: terminated by other getUpdates request; make s
[2026-04-01T19:30:07] WARN: Telegram API returned ok=false. Retrying in 5s. Response prefix: {"ok":false,"error_code":409,"description":"Conflict: terminated by other getUpdates request; make s
[2026-04-01T19:30:13] WARN: Telegram API returned ok=false. Retrying in 5s. Response prefix: {"ok":false,"error_code":409,"description":"Conflict: terminated by other getUpdates request; make s
[2026-04-01T19:30:19] WARN: Telegram API returned ok=false. Retrying in 5s. Response prefix: {"ok":false,"error_code":409,"description":"Conflict: terminated by other getUpdates request; make s
[2026-04-01T19:30:25] WARN: Telegram API returned ok=false. Retrying in 5s. Response prefix: {"ok":false,"error_code":409,"description":"Conflict: terminated by other getUpdates request; make s
[2026-04-01T19:30:31] WARN: Telegram API returned ok=false. Retrying in 5s. Response prefix: {"ok":false,"error_code":409,"description":"Conflict: terminated by other getUpdates request; make s
[2026-04-01T19:30:37] WARN: Telegram API returned ok=false. Retrying in 5s. Response prefix: {"ok":false,"error_code":409,"description":"Conflict: terminated by other getUpdates request; make s
[2026-04-01T19:30:43] WARN: Telegram API returned ok=false. Retrying in 5s. Response prefix: {"ok":false,"error_code":409,"description":"Conflict: terminated by other getUpdates request; make s
[2026-04-01T19:30:49] WARN: Telegram API returned ok=false. Retrying in 5s. Response prefix: {"ok":false,"error_code":409,"description":"Conflict: terminated by other getUpdates request; make s
[2026-04-01T19:30:50] Daemon started. PID=21613, NEXT_OFFSET=104714385
[2026-04-01T19:32:12] Daemon started. PID=24171, NEXT_OFFSET=104714385
[2026-04-02T00:44:19] SIGTERM/SIGINT received. Shutting down.
[2026-04-02T00:44:29] Daemon started. PID=87241, NEXT_OFFSET=104714385
[2026-04-02T01:48:39] Voice message: file_id=AwACAgUAAxkBAAPLac1MZ5Dnw1L6AQ...
